// Jest Snapshot v1, https://goo.gl/fbAQLP

exports[`<AddChannelModal /> should match the snapshot 1`] = `
<Styled(Modal)
  footer={null}
  title="Add Channel"
>
  <Form(AddChannelForm) />
</Styled(Modal)>
`;
