// Jest Snapshot v1, https://goo.gl/fbAQLP

exports[`<SmallButton /> shallow should match the snapshot 1`] = `
<Button
  block={false}
  ghost={false}
  htmlType="button"
  loading={false}
  size="default"
/>
`;

exports[`<SmallButton /> shallow should match the snapshot 2`] = `
<Button
  block={false}
  ghost={false}
  htmlType="button"
  loading={false}
  size="default"
/>
`;
