// Jest Snapshot v1, https://goo.gl/fbAQLP

exports[`<CircleButton /> should match the snapshot 1`] = `
<Button
  block={false}
  ghost={false}
  htmlType="button"
  loading={false}
  size="default"
  type="circle"
/>
`;
