// Jest Snapshot v1, https://goo.gl/fbAQLP

exports[`<ProfileModal /> should match the snapshot 1`] = `<profile-modal />`;
